[graph] 63905 segments Overture
[graph] 73034 arêtes, 61085 nœuds (34804 segments exclus)
[route] plus court chemin : 7415 m, pente max 9.3%
[route] palier +0% : 7415 m (+0.0%), pente max 9.3%, raide 158 m, D+ 82 m, douceur 720  [1 plus courts chemins]
[route] palier +1% : 7471 m (+0.8%), pente max 7.2%, raide 40 m, D+ 82 m, douceur 502  [50 plus courts chemins]
[route] palier +2% : 7471 m (+0.8%), pente max 7.2%, raide 40 m, D+ 82 m, douceur 502 — identique au palier +1%  [82 plus courts chemins]
[route] palier +3% : 7471 m (+0.8%), pente max 7.2%, raide 40 m, D+ 82 m, douceur 502 — identique au palier +1%  [114 plus courts chemins]
[route] palier +4% : 7471 m (+0.8%), pente max 7.2%, raide 40 m, D+ 82 m, douceur 502 — identique au palier +1%  [146 plus courts chemins]
[route] palier +5% : 7471 m (+0.8%), pente max 7.2%, raide 40 m, D+ 82 m, douceur 502 — identique au palier +1%  [178 plus courts chemins]
[route] palier +6% : 7471 m (+0.8%), pente max 7.2%, raide 40 m, D+ 82 m, douceur 502 — identique au palier +1%  [210 plus courts chemins]
[route] palier +7% : 7471 m (+0.8%), pente max 7.2%, raide 40 m, D+ 82 m, douceur 502 — identique au palier +1%  [242 plus courts chemins]
[route] palier +8% : 7471 m (+0.8%), pente max 7.2%, raide 40 m, D+ 82 m, douceur 502 — identique au palier +1%  [274 plus courts chemins]
[route] palier +9% : 7471 m (+0.8%), pente max 7.2%, raide 40 m, D+ 82 m, douceur 502 — identique au palier +1%  [306 plus courts chemins]
[route] palier +10% : 7471 m (+0.8%), pente max 7.2%, raide 40 m, D+ 82 m, douceur 502 — identique au palier +1%  [338 plus courts chemins]
[route] palier +11% : 7471 m (+0.8%), pente max 7.2%, raide 40 m, D+ 82 m, douceur 502 — identique au palier +1%  [370 plus courts chemins]
[route] palier +12% : 7471 m (+0.8%), pente max 7.2%, raide 40 m, D+ 82 m, douceur 502 — identique au palier +1%  [402 plus courts chemins]
[route] palier +13% : 7471 m (+0.8%), pente max 7.2%, raide 40 m, D+ 82 m, douceur 502 — identique au palier +1%  [434 plus courts chemins]
[route] palier +14% : 7471 m (+0.8%), pente max 7.2%, raide 40 m, D+ 82 m, douceur 502 — identique au palier +1%  [466 plus courts chemins]
[route] palier +15% : 7471 m (+0.8%), pente max 7.2%, raide 40 m, D+ 82 m, douceur 502 — identique au palier +1%  [498 plus courts chemins]
[route] palier +16% : 7471 m (+0.8%), pente max 7.2%, raide 40 m, D+ 82 m, douceur 502 — identique au palier +1%  [530 plus courts chemins]
[route] palier +17% : 7471 m (+0.8%), pente max 7.2%, raide 40 m, D+ 82 m, douceur 502 — identique au palier +1%  [562 plus courts chemins]
[route] palier +18% : 7471 m (+0.8%), pente max 7.2%, raide 40 m, D+ 82 m, douceur 502 — identique au palier +1%  [594 plus courts chemins]
[route] palier +19% : 7471 m (+0.8%), pente max 7.2%, raide 40 m, D+ 82 m, douceur 502 — identique au palier +1%  [626 plus courts chemins]
[route] palier +20% : 7471 m (+0.8%), pente max 7.2%, raide 40 m, D+ 82 m, douceur 502 — identique au palier +1%  [658 plus courts chemins]
[route] palier +21% : 7471 m (+0.8%), pente max 7.2%, raide 40 m, D+ 82 m, douceur 502 — identique au palier +1%  [690 plus courts chemins]
[route] palier +22% : 7471 m (+0.8%), pente max 7.2%, raide 40 m, D+ 82 m, douceur 502 — identique au palier +1%  [722 plus courts chemins]
[route] palier +23% : 7471 m (+0.8%), pente max 7.2%, raide 40 m, D+ 82 m, douceur 502 — identique au palier +1%  [754 plus courts chemins]
[route] palier +24% : 7471 m (+0.8%), pente max 7.2%, raide 40 m, D+ 82 m, douceur 502 — identique au palier +1%  [786 plus courts chemins]
[route] palier +25% : 7471 m (+0.8%), pente max 7.2%, raide 40 m, D+ 82 m, douceur 502 — identique au palier +1%  [818 plus courts chemins]
[route] palier +26% : 7471 m (+0.8%), pente max 7.2%, raide 40 m, D+ 82 m, douceur 502 — identique au palier +1%  [850 plus courts chemins]
[route] palier +27% : 7471 m (+0.8%), pente max 7.2%, raide 40 m, D+ 82 m, douceur 502 — identique au palier +1%  [882 plus courts chemins]
[route] palier +28% : 7471 m (+0.8%), pente max 7.2%, raide 40 m, D+ 82 m, douceur 502 — identique au palier +1%  [914 plus courts chemins]
[route] palier +29% : 7471 m (+0.8%), pente max 7.2%, raide 40 m, D+ 82 m, douceur 502 — identique au palier +1%  [946 plus courts chemins]
[route] palier +30% : 7471 m (+0.8%), pente max 7.2%, raide 40 m, D+ 82 m, douceur 502 — identique au palier +1%  [978 plus courts chemins]
[route] palier +31% : 7471 m (+0.8%), pente max 7.2%, raide 40 m, D+ 82 m, douceur 502 — identique au palier +1%  [1010 plus courts chemins]
[route] palier +32% : 7471 m (+0.8%), pente max 7.2%, raide 40 m, D+ 82 m, douceur 502 — identique au palier +1%  [1042 plus courts chemins]
[route] palier +33% : 7471 m (+0.8%), pente max 7.2%, raide 40 m, D+ 82 m, douceur 502 — identique au palier +1%  [1074 plus courts chemins]
[route] palier +34% : 7471 m (+0.8%), pente max 7.2%, raide 40 m, D+ 82 m, douceur 502 — identique au palier +1%  [1106 plus courts chemins]
[route] palier +35% : 7471 m (+0.8%), pente max 7.2%, raide 40 m, D+ 82 m, douceur 502 — identique au palier +1%  [1138 plus courts chemins]
[route] palier +36% : 7471 m (+0.8%), pente max 7.2%, raide 40 m, D+ 82 m, douceur 502 — identique au palier +1%  [1170 plus courts chemins]
[route] palier +37% : 7471 m (+0.8%), pente max 7.2%, raide 40 m, D+ 82 m, douceur 502 — identique au palier +1%  [1202 plus courts chemins]
[route] palier +38% : 7471 m (+0.8%), pente max 7.2%, raide 40 m, D+ 82 m, douceur 502 — identique au palier +1%  [1234 plus courts chemins]
[route] palier +39% : 7471 m (+0.8%), pente max 7.2%, raide 40 m, D+ 82 m, douceur 502 — identique au palier +1%  [1266 plus courts chemins]
[route] palier +40% : 7471 m (+0.8%), pente max 7.2%, raide 40 m, D+ 82 m, douceur 502 — identique au palier +1%  [1298 plus courts chemins]
[route] palier +41% : 7471 m (+0.8%), pente max 7.2%, raide 40 m, D+ 82 m, douceur 502 — identique au palier +1%  [1330 plus courts chemins]
[route] palier +42% : 7471 m (+0.8%), pente max 7.2%, raide 40 m, D+ 82 m, douceur 502 — identique au palier +1%  [1362 plus courts chemins]
[route] palier +43% : 7471 m (+0.8%), pente max 7.2%, raide 40 m, D+ 82 m, douceur 502 — identique au palier +1%  [1394 plus courts chemins]
[route] palier +44% : 7471 m (+0.8%), pente max 7.2%, raide 40 m, D+ 82 m, douceur 502 — identique au palier +1%  [1426 plus courts chemins]
[route] palier +45% : 7471 m (+0.8%), pente max 7.2%, raide 40 m, D+ 82 m, douceur 502 — identique au palier +1%  [1458 plus courts chemins]
[route] palier +46% : 7471 m (+0.8%), pente max 7.2%, raide 40 m, D+ 82 m, douceur 502 — identique au palier +1%  [1490 plus courts chemins]
[route] palier +47% : 7471 m (+0.8%), pente max 7.2%, raide 40 m, D+ 82 m, douceur 502 — identique au palier +1%  [1522 plus courts chemins]
[route] palier +48% : 7471 m (+0.8%), pente max 7.2%, raide 40 m, D+ 82 m, douceur 502 — identique au palier +1%  [1554 plus courts chemins]
[route] palier +49% : 11008 m (+48.5%), pente max 6.5%, raide 37 m, D+ 99 m, douceur 428  [1587 plus courts chemins]
[route] palier +50% : 11077 m (+49.4%), pente max 5.8%, raide 0 m, D+ 99 m, douceur 376  [1619 plus courts chemins]
[route] palier +51% : 11077 m (+49.4%), pente max 5.8%, raide 0 m, D+ 99 m, douceur 376 — identique au palier +50%  [1651 plus courts chemins]
[route] palier +52% : 11077 m (+49.4%), pente max 5.8%, raide 0 m, D+ 99 m, douceur 376 — identique au palier +50%  [1683 plus courts chemins]
[route] palier +53% : 11077 m (+49.4%), pente max 5.8%, raide 0 m, D+ 99 m, douceur 376 — identique au palier +50%  [1715 plus courts chemins]
[route] palier +54% : 11077 m (+49.4%), pente max 5.8%, raide 0 m, D+ 99 m, douceur 376 — identique au palier +50%  [1747 plus courts chemins]
[route] palier +55% : 11077 m (+49.4%), pente max 5.8%, raide 0 m, D+ 99 m, douceur 376 — identique au palier +50%  [1779 plus courts chemins]
[route] palier +56% : 11077 m (+49.4%), pente max 5.8%, raide 0 m, D+ 99 m, douceur 376 — identique au palier +50%  [1811 plus courts chemins]
[route] palier +57% : 11077 m (+49.4%), pente max 5.8%, raide 0 m, D+ 99 m, douceur 376 — identique au palier +50%  [1843 plus courts chemins]
[route] palier +58% : 11077 m (+49.4%), pente max 5.8%, raide 0 m, D+ 99 m, douceur 376 — identique au palier +50%  [1875 plus courts chemins]
[route] palier +59% : 11077 m (+49.4%), pente max 5.8%, raide 0 m, D+ 99 m, douceur 376 — identique au palier +50%  [1907 plus courts chemins]
[route] palier +60% : 11077 m (+49.4%), pente max 5.8%, raide 0 m, D+ 99 m, douceur 376 — identique au palier +50%  [1939 plus courts chemins]
[route] palier +61% : 11077 m (+49.4%), pente max 5.8%, raide 0 m, D+ 99 m, douceur 376 — identique au palier +50%  [1971 plus courts chemins]
[route] palier +62% : 11077 m (+49.4%), pente max 5.8%, raide 0 m, D+ 99 m, douceur 376 — identique au palier +50%  [2003 plus courts chemins]
[route] palier +63% : 11077 m (+49.4%), pente max 5.8%, raide 0 m, D+ 99 m, douceur 376 — identique au palier +50%  [2035 plus courts chemins]
[route] palier +64% : 11077 m (+49.4%), pente max 5.8%, raide 0 m, D+ 99 m, douceur 376 — identique au palier +50%  [2067 plus courts chemins]
[route] palier +65% : 11077 m (+49.4%), pente max 5.8%, raide 0 m, D+ 99 m, douceur 376 — identique au palier +50%  [2099 plus courts chemins]
[route] palier +66% : 11077 m (+49.4%), pente max 5.8%, raide 0 m, D+ 99 m, douceur 376 — identique au palier +50%  [2131 plus courts chemins]
[route] palier +67% : 11077 m (+49.4%), pente max 5.8%, raide 0 m, D+ 99 m, douceur 376 — identique au palier +50%  [2163 plus courts chemins]
[route] palier +68% : 11077 m (+49.4%), pente max 5.8%, raide 0 m, D+ 99 m, douceur 376 — identique au palier +50%  [2195 plus courts chemins]
[route] palier +69% : 11077 m (+49.4%), pente max 5.8%, raide 0 m, D+ 99 m, douceur 376 — identique au palier +50%  [2227 plus courts chemins]
[route] palier +70% : 11077 m (+49.4%), pente max 5.8%, raide 0 m, D+ 99 m, douceur 376 — identique au palier +50%  [2259 plus courts chemins]
[route] palier +71% : 11077 m (+49.4%), pente max 5.8%, raide 0 m, D+ 99 m, douceur 376 — identique au palier +50%  [2291 plus courts chemins]
[route] palier +72% : 11077 m (+49.4%), pente max 5.8%, raide 0 m, D+ 99 m, douceur 376 — identique au palier +50%  [2323 plus courts chemins]
[route] palier +73% : 11077 m (+49.4%), pente max 5.8%, raide 0 m, D+ 99 m, douceur 376 — identique au palier +50%  [2355 plus courts chemins]
[route] palier +74% : 11077 m (+49.4%), pente max 5.8%, raide 0 m, D+ 99 m, douceur 376 — identique au palier +50%  [2387 plus courts chemins]
[route] palier +75% : 11077 m (+49.4%), pente max 5.8%, raide 0 m, D+ 99 m, douceur 376 — identique au palier +50%  [2419 plus courts chemins]
[route] palier +76% : 11077 m (+49.4%), pente max 5.8%, raide 0 m, D+ 99 m, douceur 376 — identique au palier +50%  [2451 plus courts chemins]
[route] palier +77% : 11077 m (+49.4%), pente max 5.8%, raide 0 m, D+ 99 m, douceur 376 — identique au palier +50%  [2483 plus courts chemins]
[route] palier +78% : 11077 m (+49.4%), pente max 5.8%, raide 0 m, D+ 99 m, douceur 376 — identique au palier +50%  [2515 plus courts chemins]
[route] palier +79% : 11077 m (+49.4%), pente max 5.8%, raide 0 m, D+ 99 m, douceur 376 — identique au palier +50%  [2547 plus courts chemins]
[route] palier +80% : 11077 m (+49.4%), pente max 5.8%, raide 0 m, D+ 99 m, douceur 376 — identique au palier +50%  [2579 plus courts chemins]
[route] palier +81% : 11430 m (+54.1%), pente max 5.8%, raide 0 m, D+ 97 m, douceur 313  [2612 plus courts chemins]
[route] palier +82% : 11430 m (+54.1%), pente max 5.8%, raide 0 m, D+ 97 m, douceur 313 — identique au palier +81%  [2644 plus courts chemins]
[route] palier +83% : 11430 m (+54.1%), pente max 5.8%, raide 0 m, D+ 97 m, douceur 313 — identique au palier +81%  [2676 plus courts chemins]
[route] palier +84% : 11430 m (+54.1%), pente max 5.8%, raide 0 m, D+ 97 m, douceur 313 — identique au palier +81%  [2708 plus courts chemins]
[route] palier +85% : 11430 m (+54.1%), pente max 5.8%, raide 0 m, D+ 97 m, douceur 313 — identique au palier +81%  [2740 plus courts chemins]
[route] palier +86% : 11430 m (+54.1%), pente max 5.8%, raide 0 m, D+ 97 m, douceur 313 — identique au palier +81%  [2772 plus courts chemins]
[route] palier +87% : 11430 m (+54.1%), pente max 5.8%, raide 0 m, D+ 97 m, douceur 313 — identique au palier +81%  [2804 plus courts chemins]
[route] palier +88% : 11430 m (+54.1%), pente max 5.8%, raide 0 m, D+ 97 m, douceur 313 — identique au palier +81%  [2836 plus courts chemins]
[route] palier +89% : 11430 m (+54.1%), pente max 5.8%, raide 0 m, D+ 97 m, douceur 313 — identique au palier +81%  [2868 plus courts chemins]
[route] palier +90% : 11430 m (+54.1%), pente max 5.8%, raide 0 m, D+ 97 m, douceur 313 — identique au palier +81%  [2900 plus courts chemins]
[route] palier +91% : 11430 m (+54.1%), pente max 5.8%, raide 0 m, D+ 97 m, douceur 313 — identique au palier +81%  [2932 plus courts chemins]
[route] palier +92% : 11430 m (+54.1%), pente max 5.8%, raide 0 m, D+ 97 m, douceur 313 — identique au palier +81%  [2964 plus courts chemins]
[route] palier +93% : 11430 m (+54.1%), pente max 5.8%, raide 0 m, D+ 97 m, douceur 313 — identique au palier +81%  [2997 plus courts chemins]
[route] palier +94% : 11430 m (+54.1%), pente max 5.8%, raide 0 m, D+ 97 m, douceur 313 — identique au palier +81%  [3029 plus courts chemins]
[route] palier +95% : 11430 m (+54.1%), pente max 5.8%, raide 0 m, D+ 97 m, douceur 313 — identique au palier +81%  [3061 plus courts chemins]
[route] palier +96% : 11430 m (+54.1%), pente max 5.8%, raide 0 m, D+ 97 m, douceur 313 — identique au palier +81%  [3093 plus courts chemins]
[route] palier +97% : 11430 m (+54.1%), pente max 5.8%, raide 0 m, D+ 97 m, douceur 313 — identique au palier +81%  [3125 plus courts chemins]
[route] palier +98% : 11430 m (+54.1%), pente max 5.8%, raide 0 m, D+ 97 m, douceur 313 — identique au palier +81%  [3157 plus courts chemins]
[route] palier +99% : 11430 m (+54.1%), pente max 5.8%, raide 0 m, D+ 97 m, douceur 313 — identique au palier +81%  [3189 plus courts chemins]
[route] palier +100% : 11430 m (+54.1%), pente max 5.8%, raide 0 m, D+ 97 m, douceur 313 — identique au palier +81%  [3221 plus courts chemins]
[route] palier +101% : 11430 m (+54.1%), pente max 5.8%, raide 0 m, D+ 97 m, douceur 313 — identique au palier +81%  [3253 plus courts chemins]
[route] palier +102% : 11430 m (+54.1%), pente max 5.8%, raide 0 m, D+ 97 m, douceur 313 — identique au palier +81%  [3285 plus courts chemins]
[route] palier +103% : 11430 m (+54.1%), pente max 5.8%, raide 0 m, D+ 97 m, douceur 313 — identique au palier +81%  [3317 plus courts chemins]
[route] palier +104% : 11430 m (+54.1%), pente max 5.8%, raide 0 m, D+ 97 m, douceur 313 — identique au palier +81%  [3349 plus courts chemins]
[route] palier +105% : 11430 m (+54.1%), pente max 5.8%, raide 0 m, D+ 97 m, douceur 313 — identique au palier +81%  [3381 plus courts chemins]
[route] palier +106% : 11430 m (+54.1%), pente max 5.8%, raide 0 m, D+ 97 m, douceur 313 — identique au palier +81%  [3413 plus courts chemins]
[route] palier +107% : 11430 m (+54.1%), pente max 5.8%, raide 0 m, D+ 97 m, douceur 313 — identique au palier +81%  [3445 plus courts chemins]
[route] palier +108% : 11430 m (+54.1%), pente max 5.8%, raide 0 m, D+ 97 m, douceur 313 — identique au palier +81%  [3477 plus courts chemins]
[route] palier +109% : 11430 m (+54.1%), pente max 5.8%, raide 0 m, D+ 97 m, douceur 313 — identique au palier +81%  [3509 plus courts chemins]
[route] palier +110% : 11430 m (+54.1%), pente max 5.8%, raide 0 m, D+ 97 m, douceur 313 — identique au palier +81%  [3541 plus courts chemins]
[route] palier +111% : 11430 m (+54.1%), pente max 5.8%, raide 0 m, D+ 97 m, douceur 313 — identique au palier +81%  [3573 plus courts chemins]
[route] palier +112% : 11430 m (+54.1%), pente max 5.8%, raide 0 m, D+ 97 m, douceur 313 — identique au palier +81%  [3605 plus courts chemins]
[route] palier +113% : 11430 m (+54.1%), pente max 5.8%, raide 0 m, D+ 97 m, douceur 313 — identique au palier +81%  [3637 plus courts chemins]
[route] palier +114% : 11430 m (+54.1%), pente max 5.8%, raide 0 m, D+ 97 m, douceur 313 — identique au palier +81%  [3669 plus courts chemins]
[route] palier +115% : 11430 m (+54.1%), pente max 5.8%, raide 0 m, D+ 97 m, douceur 313 — identique au palier +81%  [3701 plus courts chemins]
[route] palier +116% : 11430 m (+54.1%), pente max 5.8%, raide 0 m, D+ 97 m, douceur 313 — identique au palier +81%  [3733 plus courts chemins]
[route] palier +117% : 11430 m (+54.1%), pente max 5.8%, raide 0 m, D+ 97 m, douceur 313 — identique au palier +81%  [3765 plus courts chemins]
[route] palier +118% : 11430 m (+54.1%), pente max 5.8%, raide 0 m, D+ 97 m, douceur 313 — identique au palier +81%  [3797 plus courts chemins]
[route] palier +119% : 11430 m (+54.1%), pente max 5.8%, raide 0 m, D+ 97 m, douceur 313 — identique au palier +81%  [3829 plus courts chemins]
[route] palier +120% : 11430 m (+54.1%), pente max 5.8%, raide 0 m, D+ 97 m, douceur 313 — identique au palier +81%  [3861 plus courts chemins]
[webapp] fenêtre 50 m : 5 tracés distincts, 223s
[route] plus court chemin : 7415 m, pente max 7.9%
[route] palier +0% : 7415 m (+0.0%), pente max 7.9%, raide 131 m, D+ 82 m, douceur 620  [1 plus courts chemins]
[route] palier +1% : 7471 m (+0.8%), pente max 6.0%, raide 0 m, D+ 82 m, douceur 408  [58 plus courts chemins]
[route] palier +2% : 7471 m (+0.8%), pente max 6.0%, raide 0 m, D+ 82 m, douceur 408 — identique au palier +1%  [90 plus courts chemins]
[route] palier +3% : 7471 m (+0.8%), pente max 6.0%, raide 0 m, D+ 82 m, douceur 408 — identique au palier +1%  [122 plus courts chemins]
[route] palier +4% : 7471 m (+0.8%), pente max 6.0%, raide 0 m, D+ 82 m, douceur 408 — identique au palier +1%  [154 plus courts chemins]
[route] palier +5% : 7471 m (+0.8%), pente max 6.0%, raide 0 m, D+ 82 m, douceur 408 — identique au palier +1%  [186 plus courts chemins]
[route] palier +6% : 7471 m (+0.8%), pente max 6.0%, raide 0 m, D+ 82 m, douceur 408 — identique au palier +1%  [218 plus courts chemins]
[route] palier +7% : 7471 m (+0.8%), pente max 6.0%, raide 0 m, D+ 82 m, douceur 408 — identique au palier +1%  [250 plus courts chemins]
[route] palier +8% : 7471 m (+0.8%), pente max 6.0%, raide 0 m, D+ 82 m, douceur 408 — identique au palier +1%  [282 plus courts chemins]
[route] palier +9% : 7471 m (+0.8%), pente max 6.0%, raide 0 m, D+ 82 m, douceur 408 — identique au palier +1%  [314 plus courts chemins]
[route] palier +10% : 7471 m (+0.8%), pente max 6.0%, raide 0 m, D+ 82 m, douceur 408 — identique au palier +1%  [346 plus courts chemins]
[route] palier +11% : 7471 m (+0.8%), pente max 6.0%, raide 0 m, D+ 82 m, douceur 408 — identique au palier +1%  [378 plus courts chemins]
[route] palier +12% : 7471 m (+0.8%), pente max 6.0%, raide 0 m, D+ 82 m, douceur 408 — identique au palier +1%  [410 plus courts chemins]
[route] palier +13% : 7471 m (+0.8%), pente max 6.0%, raide 0 m, D+ 82 m, douceur 408 — identique au palier +1%  [442 plus courts chemins]
[route] palier +14% : 7471 m (+0.8%), pente max 6.0%, raide 0 m, D+ 82 m, douceur 408 — identique au palier +1%  [474 plus courts chemins]
[route] palier +15% : 7471 m (+0.8%), pente max 6.0%, raide 0 m, D+ 82 m, douceur 408 — identique au palier +1%  [506 plus courts chemins]
[route] palier +16% : 7471 m (+0.8%), pente max 6.0%, raide 0 m, D+ 82 m, douceur 408 — identique au palier +1%  [538 plus courts chemins]
[route] palier +17% : 7471 m (+0.8%), pente max 6.0%, raide 0 m, D+ 82 m, douceur 408 — identique au palier +1%  [570 plus courts chemins]
[route] palier +18% : 7471 m (+0.8%), pente max 6.0%, raide 0 m, D+ 82 m, douceur 408 — identique au palier +1%  [602 plus courts chemins]
[route] palier +19% : 7471 m (+0.8%), pente max 6.0%, raide 0 m, D+ 82 m, douceur 408 — identique au palier +1%  [634 plus courts chemins]
[route] palier +20% : 7471 m (+0.8%), pente max 6.0%, raide 0 m, D+ 82 m, douceur 408 — identique au palier +1%  [666 plus courts chemins]
[route] palier +21% : 7471 m (+0.8%), pente max 6.0%, raide 0 m, D+ 82 m, douceur 408 — identique au palier +1%  [698 plus courts chemins]
[route] palier +22% : 7471 m (+0.8%), pente max 6.0%, raide 0 m, D+ 82 m, douceur 408 — identique au palier +1%  [730 plus courts chemins]
[route] palier +23% : 7471 m (+0.8%), pente max 6.0%, raide 0 m, D+ 82 m, douceur 408 — identique au palier +1%  [762 plus courts chemins]
[route] palier +24% : 7471 m (+0.8%), pente max 6.0%, raide 0 m, D+ 82 m, douceur 408 — identique au palier +1%  [794 plus courts chemins]
[route] palier +25% : 7471 m (+0.8%), pente max 6.0%, raide 0 m, D+ 82 m, douceur 408 — identique au palier +1%  [826 plus courts chemins]
[route] palier +26% : 7471 m (+0.8%), pente max 6.0%, raide 0 m, D+ 82 m, douceur 408 — identique au palier +1%  [858 plus courts chemins]
[route] palier +27% : 7471 m (+0.8%), pente max 6.0%, raide 0 m, D+ 82 m, douceur 408 — identique au palier +1%  [890 plus courts chemins]
[route] palier +28% : 7471 m (+0.8%), pente max 6.0%, raide 0 m, D+ 82 m, douceur 408 — identique au palier +1%  [922 plus courts chemins]
[route] palier +29% : 7471 m (+0.8%), pente max 6.0%, raide 0 m, D+ 82 m, douceur 408 — identique au palier +1%  [954 plus courts chemins]
[route] palier +30% : 7471 m (+0.8%), pente max 6.0%, raide 0 m, D+ 82 m, douceur 408 — identique au palier +1%  [986 plus courts chemins]
[route] palier +31% : 7471 m (+0.8%), pente max 6.0%, raide 0 m, D+ 82 m, douceur 408 — identique au palier +1%  [1018 plus courts chemins]
[route] palier +32% : 7471 m (+0.8%), pente max 6.0%, raide 0 m, D+ 82 m, douceur 408 — identique au palier +1%  [1050 plus courts chemins]
[route] palier +33% : 7471 m (+0.8%), pente max 6.0%, raide 0 m, D+ 82 m, douceur 408 — identique au palier +1%  [1082 plus courts chemins]
[route] palier +34% : 7471 m (+0.8%), pente max 6.0%, raide 0 m, D+ 82 m, douceur 408 — identique au palier +1%  [1114 plus courts chemins]
[route] palier +35% : 7471 m (+0.8%), pente max 6.0%, raide 0 m, D+ 82 m, douceur 408 — identique au palier +1%  [1146 plus courts chemins]
[route] palier +36% : 7471 m (+0.8%), pente max 6.0%, raide 0 m, D+ 82 m, douceur 408 — identique au palier +1%  [1178 plus courts chemins]
[route] palier +37% : 7471 m (+0.8%), pente max 6.0%, raide 0 m, D+ 82 m, douceur 408 — identique au palier +1%  [1210 plus courts chemins]
[route] palier +38% : 7471 m (+0.8%), pente max 6.0%, raide 0 m, D+ 82 m, douceur 408 — identique au palier +1%  [1242 plus courts chemins]
[route] palier +39% : 7471 m (+0.8%), pente max 6.0%, raide 0 m, D+ 82 m, douceur 408 — identique au palier +1%  [1274 plus courts chemins]
[route] palier +40% : 7471 m (+0.8%), pente max 6.0%, raide 0 m, D+ 82 m, douceur 408 — identique au palier +1%  [1306 plus courts chemins]
[route] palier +41% : 7471 m (+0.8%), pente max 6.0%, raide 0 m, D+ 82 m, douceur 408 — identique au palier +1%  [1338 plus courts chemins]
[route] palier +42% : 7471 m (+0.8%), pente max 6.0%, raide 0 m, D+ 82 m, douceur 408 — identique au palier +1%  [1370 plus courts chemins]
[route] palier +43% : 7471 m (+0.8%), pente max 6.0%, raide 0 m, D+ 82 m, douceur 408 — identique au palier +1%  [1402 plus courts chemins]
[route] palier +44% : 7471 m (+0.8%), pente max 6.0%, raide 0 m, D+ 82 m, douceur 408 — identique au palier +1%  [1434 plus courts chemins]
[route] palier +45% : 7471 m (+0.8%), pente max 6.0%, raide 0 m, D+ 82 m, douceur 408 — identique au palier +1%  [1466 plus courts chemins]
[route] palier +46% : 7471 m (+0.8%), pente max 6.0%, raide 0 m, D+ 82 m, douceur 408 — identique au palier +1%  [1498 plus courts chemins]
[route] palier +47% : 7471 m (+0.8%), pente max 6.0%, raide 0 m, D+ 82 m, douceur 408 — identique au palier +1%  [1530 plus courts chemins]
[route] palier +48% : 7471 m (+0.8%), pente max 6.0%, raide 0 m, D+ 82 m, douceur 408 — identique au palier +1%  [1562 plus courts chemins]
[route] palier +49% : 11008 m (+48.5%), pente max 5.6%, raide 0 m, D+ 99 m, douceur 343  [1594 plus courts chemins]
[route] palier +50% : 11008 m (+48.5%), pente max 5.6%, raide 0 m, D+ 99 m, douceur 343 — identique au palier +49%  [1626 plus courts chemins]
[route] palier +51% : 11008 m (+48.5%), pente max 5.6%, raide 0 m, D+ 99 m, douceur 343 — identique au palier +49%  [1658 plus courts chemins]
[route] palier +52% : 11008 m (+48.5%), pente max 5.6%, raide 0 m, D+ 99 m, douceur 343 — identique au palier +49%  [1690 plus courts chemins]
[route] palier +53% : 11008 m (+48.5%), pente max 5.6%, raide 0 m, D+ 99 m, douceur 343 — identique au palier +49%  [1722 plus courts chemins]
[route] palier +54% : 11008 m (+48.5%), pente max 5.6%, raide 0 m, D+ 99 m, douceur 343 — identique au palier +49%  [1754 plus courts chemins]
[route] palier +55% : 11008 m (+48.5%), pente max 5.6%, raide 0 m, D+ 99 m, douceur 343 — identique au palier +49%  [1786 plus courts chemins]
[route] palier +56% : 11008 m (+48.5%), pente max 5.6%, raide 0 m, D+ 99 m, douceur 343 — identique au palier +49%  [1818 plus courts chemins]
[route] palier +57% : 11008 m (+48.5%), pente max 5.6%, raide 0 m, D+ 99 m, douceur 343 — identique au palier +49%  [1850 plus courts chemins]
